******************************************************************************
                  TI ARM Linker Unix v18.1.1                   
******************************************************************************
>> Linked Thu Jun  7 17:14:06 2018

OUTPUT FILE NAME:   <rtos4DEFT.out>
ENTRY POINT SYMBOL: "_c_int00_noargs"  address: 00000f95


MEMORY CONFIGURATION

         name            origin    length      used     unused   attr    fill
----------------------  --------  ---------  --------  --------  ----  --------
  FLASH                 00000000   00100000  000013ca  000fec36  R  X
  SRAM                  20000000   00040000  00002d73  0003d28d  RW X


SEGMENT ALLOCATION MAP

run origin  load origin   length   init length attrs members
----------  ----------- ---------- ----------- ----- -------
00000000    00000000    000013d0   000013d0    r-x
  00000000    00000000    00000208   00000208    r-- .intvecs
  00000208    00000208    00000ece   00000ece    r-x .text
  000010d8    000010d8    000002c4   000002c4    r-- .const
  000013a0    000013a0    00000030   00000030    r-- .cinit
20000000    20000000    00002d73   00000000    rw-
  20000000    20000000    00002b70   00000000    rw- .bss
  20002b70    20002b70    00000200   00000000    rw- .stack
  20002d70    20002d70    00000003   00000000    rw- .data


SECTION ALLOCATION MAP

 output                                  attributes/
section   page    origin      length       input sections
--------  ----  ----------  ----------   ----------------
.intvecs   0    00000000    00000208     
                  00000000    00000208     tm4c1294ncpdt_startup_ccs.obj (.intvecs)

.text      0    00000208    00000ece     
                  00000208    00000570     kernel.obj (.text)
                  00000778    00000200     driverlib.lib : sysctl.obj (.text:SysCtlClockFreqSet)
                  00000978    00000132                   : gpio.obj (.text:GPIOPadConfigSet)
                  00000aaa    00000002     --HOLE-- [fill = 0]
                  00000aac    00000108     main.obj (.text)
                  00000bb4    0000009c     rtsv7M4_T_le_v4SPD16_eabi.lib : memcpy_t2.asm.obj (.text)
                  00000c50    0000008c     initHw.obj (.text)
                  00000cdc    00000088     tasks.obj (.text)
                  00000d64    0000007a     rtsv7M4_T_le_v4SPD16_eabi.lib : memset_t2.asm.obj (.text)
                  00000dde    00000002     --HOLE-- [fill = 0]
                  00000de0    00000068     driverlib.lib : interrupt.obj (.text:IntEnable)
                  00000e48    00000068     rtsv7M4_T_le_v4SPD16_eabi.lib : copy_decompress_lzss.c.obj (.text:decompress:lzss:__TI_decompress_lzss)
                  00000eb0    00000056     driverlib.lib : gpio.obj (.text:GPIOIntTypeSet)
                  00000f06    00000002     --HOLE-- [fill = 0]
                  00000f08    00000048                   : sysctl.obj (.text:_SysCtlFrequencyGet)
                  00000f50    00000044     rtsv7M4_T_le_v4SPD16_eabi.lib : autoinit.c.obj (.text:__TI_auto_init_nobinit_nopinit:__TI_auto_init_nobinit_nopinit)
                  00000f94    00000038                                   : boot_cortex_m.c.obj (.text:_c_int00_noargs:_c_int00_noargs)
                  00000fcc    00000034     driverlib.lib : sysctl.obj (.text:SysCtlPeripheralEnable)
                  00001000    0000002a                   : gpio.obj (.text:GPIODirModeSet)
                  0000102a    00000002     --HOLE-- [fill = 0]
                  0000102c    00000020                   : sysctl.obj (.text:_SysCtlMemTimingGet)
                  0000104c    00000020     wait.obj (.text)
                  0000106c    00000018     driverlib.lib : gpio.obj (.text:GPIOPinTypeGPIOOutput)
                  00001084    00000012                   : gpio.obj (.text:GPIOPinTypeGPIOInput)
                  00001096    0000000e     rtsv7M4_T_le_v4SPD16_eabi.lib : copy_decompress_none.c.obj (.text:decompress:none:__TI_decompress_none)
                  000010a4    0000000c     driverlib.lib : gpio.obj (.text:GPIOIntEnable)
                  000010b0    0000000c     rtsv7M4_T_le_v4SPD16_eabi.lib : copy_zero_init.c.obj (.text:decompress:ZI:__TI_zero_init)
                  000010bc    0000000c     tm4c1294ncpdt_startup_ccs.obj (.text)
                  000010c8    00000006     driverlib.lib : sysctl.obj (.text:SysCtlDelay)
                  000010ce    00000004     rtsv7M4_T_le_v4SPD16_eabi.lib : pre_init.c.obj (.text:_system_pre_init)
                  000010d2    00000004                                   : exit.c.obj (.text:abort:abort)

.const     0    000010d8    000002c4     
                  000010d8    000001b0     driverlib.lib : sysctl.obj (.const:g_pppui32XTALtoVCO)
                  00001288    00000070                   : interrupt.obj (.const)
                  000012f8    0000006c                   : sysctl.obj (.const:g_pui32Xtals)
                  00001364    00000030                   : sysctl.obj (.const:g_sXTALtoMEMTIM)
                  00001394    00000008                   : sysctl.obj (.const)

.cinit     0    000013a0    00000030     
                  000013a0    0000000c     (__TI_handler_table)
                  000013ac    00000004     --HOLE-- [fill = 0]
                  000013b0    00000008     (.cinit..bss.load) [load image, compression = zero_init]
                  000013b8    00000007     (.cinit..data.load) [load image, compression = lzss]
                  000013bf    00000001     --HOLE-- [fill = 0]
                  000013c0    00000010     (__TI_cinit_table)

.init_array 
*          0    00000000    00000000     UNINITIALIZED

.bss       0    20000000    00002b70     UNINITIALIZED
                  20000000    00002800     (.common:stack)
                  20002800    00000370     (.common:tcb)

.data      0    20002d70    00000003     UNINITIALIZED
                  20002d70    00000003     kernel.obj (.data)

.stack     0    20002b70    00000200     UNINITIALIZED
                  20002b70    00000004     rtsv7M4_T_le_v4SPD16_eabi.lib : boot_cortex_m.c.obj (.stack)
                  20002b74    000001fc     --HOLE--

MODULE SUMMARY

       Module                          code   ro data   rw data
       ------                          ----   -------   -------
    ./
       tm4c1294ncpdt_startup_ccs.obj   12     520       0      
       main.obj                        264    0         0      
    +--+-------------------------------+------+---------+---------+
       Total:                          276    520       0      
                                                               
    ./src/
       kernel.obj                      1392   0         11123  
       initHw.obj                      140    0         0      
       tasks.obj                       136    0         0      
       wait.obj                        32     0         0      
    +--+-------------------------------+------+---------+---------+
       Total:                          1700   0         11123  
                                                               
    /Applications/ti/ccsv8/tools/compiler/ti-cgt-arm_18.1.1.LTS/lib/rtsv7M4_T_le_v4SPD16_eabi.lib
       memcpy_t2.asm.obj               156    0         0      
       memset_t2.asm.obj               122    0         0      
       copy_decompress_lzss.c.obj      104    0         0      
       autoinit.c.obj                  68     0         0      
       boot_cortex_m.c.obj             56     0         0      
       copy_decompress_none.c.obj      14     0         0      
       copy_zero_init.c.obj            12     0         0      
       exit.c.obj                      4      0         0      
       pre_init.c.obj                  4      0         0      
    +--+-------------------------------+------+---------+---------+
       Total:                          540    0         0      
                                                               
    /Users/nihit/Desktop/TivaWare_C_Series-2.1.4.178/driverlib/ccs/Debug/driverlib.lib
       sysctl.obj                      674    596       0      
       gpio.obj                        488    0         0      
       interrupt.obj                   104    112       0      
    +--+-------------------------------+------+---------+---------+
       Total:                          1266   708       0      
                                                               
       Stack:                          0      0         512    
       Linker Generated:               0      43        0      
    +--+-------------------------------+------+---------+---------+
       Grand Total:                    3782   1271      11635  


LINKER GENERATED COPY TABLES

__TI_cinit_table @ 000013c0 records: 2, size/record: 8, table size: 16
	.bss: load addr=000013b0, load size=00000008 bytes, run addr=20000000, run size=00002b70 bytes, compression=zero_init
	.data: load addr=000013b8, load size=00000007 bytes, run addr=20002d70, run size=00000003 bytes, compression=lzss


LINKER GENERATED HANDLER TABLE

__TI_handler_table @ 000013a0 records: 3, size/record: 4, table size: 12
	index: 0, handler: __TI_decompress_lzss
	index: 1, handler: __TI_decompress_none
	index: 2, handler: __TI_zero_init


GLOBAL SYMBOLS: SORTED ALPHABETICALLY BY Name 

address   name                          
-------   ----                          
000010d3  C$$EXIT                       
00001001  GPIODirModeSet                
000010a5  GPIOIntEnable                 
00000eb1  GPIOIntTypeSet                
00000979  GPIOPadConfigSet              
00001085  GPIOPinTypeGPIOInput          
0000106d  GPIOPinTypeGPIOOutput         
00000de1  IntEnable                     
000010bd  ResetISR                      
00000aad  StartPulseISR                 
00000abb  StopPulseISR                  
00000779  SysCtlClockFreqSet            
000010c9  SysCtlDelay                   
00000fcd  SysCtlPeripheralEnable        
20002d70  __STACK_END                   
00000200  __STACK_SIZE                  
20002d70  __STACK_TOP                   
000013c0  __TI_CINIT_Base               
000013d0  __TI_CINIT_Limit              
000013a0  __TI_Handler_Table_Base       
000013ac  __TI_Handler_Table_Limit      
00000f51  __TI_auto_init_nobinit_nopinit
00000e49  __TI_decompress_lzss          
00001097  __TI_decompress_none          
ffffffff  __TI_pprof_out_hndl           
ffffffff  __TI_prof_data_size           
ffffffff  __TI_prof_data_start          
00000000  __TI_static_base__            
000010b1  __TI_zero_init                
00000d65  __aeabi_memclr                
00000d65  __aeabi_memclr4               
00000d65  __aeabi_memclr8               
00000bb5  __aeabi_memcpy                
00000bb5  __aeabi_memcpy4               
00000bb5  __aeabi_memcpy8               
00000d67  __aeabi_memset                
00000d67  __aeabi_memset4               
00000d67  __aeabi_memset8               
ffffffff  __binit__                     
ffffffff  __c_args__                    
UNDEFED   __mpu_init                    
20002b70  __stack                       
00000f95  _c_int00_noargs               
UNDEFED   _system_post_cinit            
000010cf  _system_pre_init              
000010d3  abort                         
ffffffff  binit                         
00000d37  blinky                        
00000315  createThread                  
00000493  destroyThread                 
000006f9  fetchSP                       
00000cdd  flash                         
00000000  g_pfnVectors                  
00000711  getR0                         
000006c5  idle                          
00000c51  initHw                        
00000d05  lengthyFn                     
00000abd  main                          
00000bb5  memcpy                        
00000d6d  memset                        
00000cf5  partofLengthyFn               
000005e1  pendSvIsr                     
00000453  pidToTask                     
000002ad  rtosInit                      
00000209  rtosScheduler                 
000006a5  rtosStart                     
00000719  setThreadPriority             
00000521  sleep                         
20000000  stack                         
00000561  systickISR                    
20002d70  taskCount                     
20002d71  taskCurrent                   
20002800  tcb                           
0000104d  waitMicrosecond               
000006ff  writeSP                       
0000073f  yield                         


GLOBAL SYMBOLS: SORTED BY Symbol Address 

address   name                          
-------   ----                          
00000000  __TI_static_base__            
00000000  g_pfnVectors                  
00000200  __STACK_SIZE                  
00000209  rtosScheduler                 
000002ad  rtosInit                      
00000315  createThread                  
00000453  pidToTask                     
00000493  destroyThread                 
00000521  sleep                         
00000561  systickISR                    
000005e1  pendSvIsr                     
000006a5  rtosStart                     
000006c5  idle                          
000006f9  fetchSP                       
000006ff  writeSP                       
00000711  getR0                         
00000719  setThreadPriority             
0000073f  yield                         
00000779  SysCtlClockFreqSet            
00000979  GPIOPadConfigSet              
00000aad  StartPulseISR                 
00000abb  StopPulseISR                  
00000abd  main                          
00000bb5  __aeabi_memcpy                
00000bb5  __aeabi_memcpy4               
00000bb5  __aeabi_memcpy8               
00000bb5  memcpy                        
00000c51  initHw                        
00000cdd  flash                         
00000cf5  partofLengthyFn               
00000d05  lengthyFn                     
00000d37  blinky                        
00000d65  __aeabi_memclr                
00000d65  __aeabi_memclr4               
00000d65  __aeabi_memclr8               
00000d67  __aeabi_memset                
00000d67  __aeabi_memset4               
00000d67  __aeabi_memset8               
00000d6d  memset                        
00000de1  IntEnable                     
00000e49  __TI_decompress_lzss          
00000eb1  GPIOIntTypeSet                
00000f51  __TI_auto_init_nobinit_nopinit
00000f95  _c_int00_noargs               
00000fcd  SysCtlPeripheralEnable        
00001001  GPIODirModeSet                
0000104d  waitMicrosecond               
0000106d  GPIOPinTypeGPIOOutput         
00001085  GPIOPinTypeGPIOInput          
00001097  __TI_decompress_none          
000010a5  GPIOIntEnable                 
000010b1  __TI_zero_init                
000010bd  ResetISR                      
000010c9  SysCtlDelay                   
000010cf  _system_pre_init              
000010d3  C$$EXIT                       
000010d3  abort                         
000013a0  __TI_Handler_Table_Base       
000013ac  __TI_Handler_Table_Limit      
000013c0  __TI_CINIT_Base               
000013d0  __TI_CINIT_Limit              
20000000  stack                         
20002800  tcb                           
20002b70  __stack                       
20002d70  __STACK_END                   
20002d70  __STACK_TOP                   
20002d70  taskCount                     
20002d71  taskCurrent                   
ffffffff  __TI_pprof_out_hndl           
ffffffff  __TI_prof_data_size           
ffffffff  __TI_prof_data_start          
ffffffff  __binit__                     
ffffffff  __c_args__                    
ffffffff  binit                         
UNDEFED   __mpu_init                    
UNDEFED   _system_post_cinit            

[76 symbols]
